../Src/trackerHw.c:5:6:SysTick_Handler	0	static
../Src/trackerHw.c:10:6:HW_DelayMs	16	static
../Src/trackerHw.c:93:6:HW_writeLED	0	static
../Src/trackerHw.c:97:6:HW_write_LORACS	0	static
../Src/trackerHw.c:101:6:HW_send_UART	8	static
../Src/trackerHw.c:109:6:HW_SPI_WriteBuffer	16	static,ignoring_inline_asm
../Src/trackerHw.c:123:6:HW_SPI_ReadBuffer	16	static,ignoring_inline_asm
../Src/trackerHw.c:134:9:HW_readADC	0	static
../Src/trackerHw.c:145:6:HW_StartTimer3	0	static
../Src/trackerHw.c:24:6:HW_trackerHwInit	24	static,ignoring_inline_asm
../Src/trackerHw.c:149:6:HW_StopTimer3	8	static
