C:/Users/Stanley/Documents/ptr_tracker_C/Drivers/CMSIS/Include/core_cm0plus.h:741:22:__NVIC_EnableIRQ	16	static,ignoring_inline_asm
C:/Users/Stanley/Documents/ptr_tracker_C/Drivers/CMSIS/Include/core_cm0plus.h:850:22:__NVIC_SetPriority	24	static
C:/Users/Stanley/Documents/ptr_tracker_C/Drivers/CMSIS/Include/core_cm0plus.h:899:26:NVIC_EncodePriority	40	static
C:/Users/Stanley/Documents/ptr_tracker_C/Drivers/CMSIS/Include/core_cm0plus.h:1056:26:SysTick_Config	16	static
../Src/trackerHw.c:5:6:SysTick_Handler	8	static
../Src/trackerHw.c:10:6:HW_DelayMs	24	static
../Src/trackerHw.c:24:6:HW_trackerHwInit	16	static
../Src/trackerHw.c:79:6:HW_writeLED	16	static
../Src/trackerHw.c:83:6:HW_write_LORACS	16	static
../Src/trackerHw.c:87:6:HW_send_UART	24	static
../Src/trackerHw.c:95:6:HW_SPI_WriteBuffer	24	static,ignoring_inline_asm
../Src/trackerHw.c:109:6:HW_SPI_ReadBuffer	16	static,ignoring_inline_asm
